<?xml version="1.0"?>
<link_info>
   <banner>TI ARM Linker PC v16.9.6.LTS</banner>
   <copyright>Copyright (c) 1996-2017 Texas Instruments Incorporated</copyright>
   <link_time>0x60d21d37</link_time>
   <link_errors>0x0</link_errors>
   <output_file>Lab9.out</output_file>
   <entry_point>
      <name>_c_int00</name>
      <address>0x6d8c</address>
   </entry_point>
   <input_file_list>
      <input_file id="fl-2">
         <path>.\</path>
         <kind>object</kind>
         <file>main.obj</file>
         <name>main.obj</name>
      </input_file>
      <input_file id="fl-5">
         <kind>object</kind>
         <file>&lt;internal&gt;</file>
         <name>&lt;internal&gt;</name>
      </input_file>
      <input_file id="fl-bb">
         <path>C:\ti\ccsv7\tools\compiler\ti-cgt-arm_16.9.6.LTS\lib\</path>
         <kind>archive</kind>
         <file>rtsv4_A_be_eabi.lib</file>
         <name>boot.obj</name>
      </input_file>
      <input_file id="fl-bc">
         <path>C:\ti\ccsv7\tools\compiler\ti-cgt-arm_16.9.6.LTS\lib\</path>
         <kind>archive</kind>
         <file>rtsv4_A_be_eabi.lib</file>
         <name>copy_decompress_lzss.obj</name>
      </input_file>
      <input_file id="fl-bd">
         <path>C:\ti\ccsv7\tools\compiler\ti-cgt-arm_16.9.6.LTS\lib\</path>
         <kind>archive</kind>
         <file>rtsv4_A_be_eabi.lib</file>
         <name>copy_decompress_none.obj</name>
      </input_file>
      <input_file id="fl-be">
         <path>C:\ti\ccsv7\tools\compiler\ti-cgt-arm_16.9.6.LTS\lib\</path>
         <kind>archive</kind>
         <file>rtsv4_A_be_eabi.lib</file>
         <name>copy_zero_init.obj</name>
      </input_file>
      <input_file id="fl-bf">
         <path>C:\ti\ccsv7\tools\compiler\ti-cgt-arm_16.9.6.LTS\lib\</path>
         <kind>archive</kind>
         <file>rtsv4_A_be_eabi.lib</file>
         <name>exit.obj</name>
      </input_file>
      <input_file id="fl-c0">
         <path>C:\ti\ccsv7\tools\compiler\ti-cgt-arm_16.9.6.LTS\lib\</path>
         <kind>archive</kind>
         <file>rtsv4_A_be_eabi.lib</file>
         <name>fscanf.obj</name>
      </input_file>
      <input_file id="fl-c1">
         <path>C:\ti\ccsv7\tools\compiler\ti-cgt-arm_16.9.6.LTS\lib\</path>
         <kind>archive</kind>
         <file>rtsv4_A_be_eabi.lib</file>
         <name>memcpy32.obj</name>
      </input_file>
      <input_file id="fl-c2">
         <path>C:\ti\ccsv7\tools\compiler\ti-cgt-arm_16.9.6.LTS\lib\</path>
         <kind>archive</kind>
         <file>rtsv4_A_be_eabi.lib</file>
         <name>memset32.obj</name>
      </input_file>
      <input_file id="fl-c3">
         <path>C:\ti\ccsv7\tools\compiler\ti-cgt-arm_16.9.6.LTS\lib\</path>
         <kind>archive</kind>
         <file>rtsv4_A_be_eabi.lib</file>
         <name>mpu_init.obj</name>
      </input_file>
      <input_file id="fl-c4">
         <path>C:\ti\ccsv7\tools\compiler\ti-cgt-arm_16.9.6.LTS\lib\</path>
         <kind>archive</kind>
         <file>rtsv4_A_be_eabi.lib</file>
         <name>pre_init.obj</name>
      </input_file>
      <input_file id="fl-c5">
         <path>C:\ti\ccsv7\tools\compiler\ti-cgt-arm_16.9.6.LTS\lib\</path>
         <kind>archive</kind>
         <file>rtsv4_A_be_eabi.lib</file>
         <name>printf.obj</name>
      </input_file>
      <input_file id="fl-c6">
         <path>C:\ti\ccsv7\tools\compiler\ti-cgt-arm_16.9.6.LTS\lib\</path>
         <kind>archive</kind>
         <file>rtsv4_A_be_eabi.lib</file>
         <name>stkdepth_vars.obj</name>
      </input_file>
      <input_file id="fl-c7">
         <path>C:\ti\ccsv7\tools\compiler\ti-cgt-arm_16.9.6.LTS\lib\</path>
         <kind>archive</kind>
         <file>rtsv4_A_be_eabi.lib</file>
         <name>ungetc.obj</name>
      </input_file>
      <input_file id="fl-c8">
         <path>C:\ti\ccsv7\tools\compiler\ti-cgt-arm_16.9.6.LTS\lib\</path>
         <kind>archive</kind>
         <file>rtsv4_A_be_eabi.lib</file>
         <name>_lock.obj</name>
      </input_file>
      <input_file id="fl-c9">
         <path>C:\ti\ccsv7\tools\compiler\ti-cgt-arm_16.9.6.LTS\lib\</path>
         <kind>archive</kind>
         <file>rtsv4_A_be_eabi.lib</file>
         <name>_printfi.obj</name>
      </input_file>
      <input_file id="fl-ca">
         <path>C:\ti\ccsv7\tools\compiler\ti-cgt-arm_16.9.6.LTS\lib\</path>
         <kind>archive</kind>
         <file>rtsv4_A_be_eabi.lib</file>
         <name>_scanfi.obj</name>
      </input_file>
      <input_file id="fl-cb">
         <path>C:\ti\ccsv7\tools\compiler\ti-cgt-arm_16.9.6.LTS\lib\</path>
         <kind>archive</kind>
         <file>rtsv4_A_be_eabi.lib</file>
         <name>args_main.obj</name>
      </input_file>
      <input_file id="fl-cc">
         <path>C:\ti\ccsv7\tools\compiler\ti-cgt-arm_16.9.6.LTS\lib\</path>
         <kind>archive</kind>
         <file>rtsv4_A_be_eabi.lib</file>
         <name>atoi.obj</name>
      </input_file>
      <input_file id="fl-cd">
         <path>C:\ti\ccsv7\tools\compiler\ti-cgt-arm_16.9.6.LTS\lib\</path>
         <kind>archive</kind>
         <file>rtsv4_A_be_eabi.lib</file>
         <name>autoinit.obj</name>
      </input_file>
      <input_file id="fl-ce">
         <path>C:\ti\ccsv7\tools\compiler\ti-cgt-arm_16.9.6.LTS\lib\</path>
         <kind>archive</kind>
         <file>rtsv4_A_be_eabi.lib</file>
         <name>cpy_tbl.obj</name>
      </input_file>
      <input_file id="fl-cf">
         <path>C:\ti\ccsv7\tools\compiler\ti-cgt-arm_16.9.6.LTS\lib\</path>
         <kind>archive</kind>
         <file>rtsv4_A_be_eabi.lib</file>
         <name>ctype.obj</name>
      </input_file>
      <input_file id="fl-d0">
         <path>C:\ti\ccsv7\tools\compiler\ti-cgt-arm_16.9.6.LTS\lib\</path>
         <kind>archive</kind>
         <file>rtsv4_A_be_eabi.lib</file>
         <name>defs.obj</name>
      </input_file>
      <input_file id="fl-d1">
         <path>C:\ti\ccsv7\tools\compiler\ti-cgt-arm_16.9.6.LTS\lib\</path>
         <kind>archive</kind>
         <file>rtsv4_A_be_eabi.lib</file>
         <name>fd_add32.obj</name>
      </input_file>
      <input_file id="fl-d2">
         <path>C:\ti\ccsv7\tools\compiler\ti-cgt-arm_16.9.6.LTS\lib\</path>
         <kind>archive</kind>
         <file>rtsv4_A_be_eabi.lib</file>
         <name>fd_cmp32.obj</name>
      </input_file>
      <input_file id="fl-d3">
         <path>C:\ti\ccsv7\tools\compiler\ti-cgt-arm_16.9.6.LTS\lib\</path>
         <kind>archive</kind>
         <file>rtsv4_A_be_eabi.lib</file>
         <name>fd_div32.obj</name>
      </input_file>
      <input_file id="fl-d4">
         <path>C:\ti\ccsv7\tools\compiler\ti-cgt-arm_16.9.6.LTS\lib\</path>
         <kind>archive</kind>
         <file>rtsv4_A_be_eabi.lib</file>
         <name>fd_mul32.obj</name>
      </input_file>
      <input_file id="fl-d5">
         <path>C:\ti\ccsv7\tools\compiler\ti-cgt-arm_16.9.6.LTS\lib\</path>
         <kind>archive</kind>
         <file>rtsv4_A_be_eabi.lib</file>
         <name>fd_toi32.obj</name>
      </input_file>
      <input_file id="fl-d6">
         <path>C:\ti\ccsv7\tools\compiler\ti-cgt-arm_16.9.6.LTS\lib\</path>
         <kind>archive</kind>
         <file>rtsv4_A_be_eabi.lib</file>
         <name>fd_tos32.obj</name>
      </input_file>
      <input_file id="fl-d7">
         <path>C:\ti\ccsv7\tools\compiler\ti-cgt-arm_16.9.6.LTS\lib\</path>
         <kind>archive</kind>
         <file>rtsv4_A_be_eabi.lib</file>
         <name>fgetc.obj</name>
      </input_file>
      <input_file id="fl-d8">
         <path>C:\ti\ccsv7\tools\compiler\ti-cgt-arm_16.9.6.LTS\lib\</path>
         <kind>archive</kind>
         <file>rtsv4_A_be_eabi.lib</file>
         <name>fputc.obj</name>
      </input_file>
      <input_file id="fl-d9">
         <path>C:\ti\ccsv7\tools\compiler\ti-cgt-arm_16.9.6.LTS\lib\</path>
         <kind>archive</kind>
         <file>rtsv4_A_be_eabi.lib</file>
         <name>fputs.obj</name>
      </input_file>
      <input_file id="fl-da">
         <path>C:\ti\ccsv7\tools\compiler\ti-cgt-arm_16.9.6.LTS\lib\</path>
         <kind>archive</kind>
         <file>rtsv4_A_be_eabi.lib</file>
         <name>i_tofd32.obj</name>
      </input_file>
      <input_file id="fl-db">
         <path>C:\ti\ccsv7\tools\compiler\ti-cgt-arm_16.9.6.LTS\lib\</path>
         <kind>archive</kind>
         <file>rtsv4_A_be_eabi.lib</file>
         <name>ltoa.obj</name>
      </input_file>
      <input_file id="fl-dc">
         <path>C:\ti\ccsv7\tools\compiler\ti-cgt-arm_16.9.6.LTS\lib\</path>
         <kind>archive</kind>
         <file>rtsv4_A_be_eabi.lib</file>
         <name>memccpy.obj</name>
      </input_file>
      <input_file id="fl-dd">
         <path>C:\ti\ccsv7\tools\compiler\ti-cgt-arm_16.9.6.LTS\lib\</path>
         <kind>archive</kind>
         <file>rtsv4_A_be_eabi.lib</file>
         <name>memchr.obj</name>
      </input_file>
      <input_file id="fl-de">
         <path>C:\ti\ccsv7\tools\compiler\ti-cgt-arm_16.9.6.LTS\lib\</path>
         <kind>archive</kind>
         <file>rtsv4_A_be_eabi.lib</file>
         <name>read.obj</name>
      </input_file>
      <input_file id="fl-df">
         <path>C:\ti\ccsv7\tools\compiler\ti-cgt-arm_16.9.6.LTS\lib\</path>
         <kind>archive</kind>
         <file>rtsv4_A_be_eabi.lib</file>
         <name>s_frexp.obj</name>
      </input_file>
      <input_file id="fl-e0">
         <path>C:\ti\ccsv7\tools\compiler\ti-cgt-arm_16.9.6.LTS\lib\</path>
         <kind>archive</kind>
         <file>rtsv4_A_be_eabi.lib</file>
         <name>s_scalbn.obj</name>
      </input_file>
      <input_file id="fl-e1">
         <path>C:\ti\ccsv7\tools\compiler\ti-cgt-arm_16.9.6.LTS\lib\</path>
         <kind>archive</kind>
         <file>rtsv4_A_be_eabi.lib</file>
         <name>setvbuf.obj</name>
      </input_file>
      <input_file id="fl-e2">
         <path>C:\ti\ccsv7\tools\compiler\ti-cgt-arm_16.9.6.LTS\lib\</path>
         <kind>archive</kind>
         <file>rtsv4_A_be_eabi.lib</file>
         <name>startup.obj</name>
      </input_file>
      <input_file id="fl-e3">
         <path>C:\ti\ccsv7\tools\compiler\ti-cgt-arm_16.9.6.LTS\lib\</path>
         <kind>archive</kind>
         <file>rtsv4_A_be_eabi.lib</file>
         <name>strchr.obj</name>
      </input_file>
      <input_file id="fl-e4">
         <path>C:\ti\ccsv7\tools\compiler\ti-cgt-arm_16.9.6.LTS\lib\</path>
         <kind>archive</kind>
         <file>rtsv4_A_be_eabi.lib</file>
         <name>strcpy.obj</name>
      </input_file>
      <input_file id="fl-e5">
         <path>C:\ti\ccsv7\tools\compiler\ti-cgt-arm_16.9.6.LTS\lib\</path>
         <kind>archive</kind>
         <file>rtsv4_A_be_eabi.lib</file>
         <name>strlen.obj</name>
      </input_file>
      <input_file id="fl-e6">
         <path>C:\ti\ccsv7\tools\compiler\ti-cgt-arm_16.9.6.LTS\lib\</path>
         <kind>archive</kind>
         <file>rtsv4_A_be_eabi.lib</file>
         <name>strrchr.obj</name>
      </input_file>
      <input_file id="fl-e7">
         <path>C:\ti\ccsv7\tools\compiler\ti-cgt-arm_16.9.6.LTS\lib\</path>
         <kind>archive</kind>
         <file>rtsv4_A_be_eabi.lib</file>
         <name>strtod.obj</name>
      </input_file>
      <input_file id="fl-e8">
         <path>C:\ti\ccsv7\tools\compiler\ti-cgt-arm_16.9.6.LTS\lib\</path>
         <kind>archive</kind>
         <file>rtsv4_A_be_eabi.lib</file>
         <name>strtol.obj</name>
      </input_file>
      <input_file id="fl-e9">
         <path>C:\ti\ccsv7\tools\compiler\ti-cgt-arm_16.9.6.LTS\lib\</path>
         <kind>archive</kind>
         <file>rtsv4_A_be_eabi.lib</file>
         <name>strtoll.obj</name>
      </input_file>
      <input_file id="fl-ea">
         <path>C:\ti\ccsv7\tools\compiler\ti-cgt-arm_16.9.6.LTS\lib\</path>
         <kind>archive</kind>
         <file>rtsv4_A_be_eabi.lib</file>
         <name>strtoul.obj</name>
      </input_file>
      <input_file id="fl-eb">
         <path>C:\ti\ccsv7\tools\compiler\ti-cgt-arm_16.9.6.LTS\lib\</path>
         <kind>archive</kind>
         <file>rtsv4_A_be_eabi.lib</file>
         <name>strtoull.obj</name>
      </input_file>
      <input_file id="fl-ec">
         <path>C:\ti\ccsv7\tools\compiler\ti-cgt-arm_16.9.6.LTS\lib\</path>
         <kind>archive</kind>
         <file>rtsv4_A_be_eabi.lib</file>
         <name>u_div32.obj</name>
      </input_file>
      <input_file id="fl-ed">
         <path>C:\ti\ccsv7\tools\compiler\ti-cgt-arm_16.9.6.LTS\lib\</path>
         <kind>archive</kind>
         <file>rtsv4_A_be_eabi.lib</file>
         <name>ull_div32.obj</name>
      </input_file>
      <input_file id="fl-ee">
         <path>C:\ti\ccsv7\tools\compiler\ti-cgt-arm_16.9.6.LTS\lib\</path>
         <kind>archive</kind>
         <file>rtsv4_A_be_eabi.lib</file>
         <name>write.obj</name>
      </input_file>
      <input_file id="fl-ef">
         <path>C:\ti\ccsv7\tools\compiler\ti-cgt-arm_16.9.6.LTS\lib\</path>
         <kind>archive</kind>
         <file>rtsv4_A_be_eabi.lib</file>
         <name>_bufread.obj</name>
      </input_file>
      <input_file id="fl-f0">
         <path>C:\ti\ccsv7\tools\compiler\ti-cgt-arm_16.9.6.LTS\lib\</path>
         <kind>archive</kind>
         <file>rtsv4_A_be_eabi.lib</file>
         <name>_io_perm.obj</name>
      </input_file>
      <input_file id="fl-f1">
         <path>C:\ti\ccsv7\tools\compiler\ti-cgt-arm_16.9.6.LTS\lib\</path>
         <kind>archive</kind>
         <file>rtsv4_A_be_eabi.lib</file>
         <name>errno.obj</name>
      </input_file>
      <input_file id="fl-f2">
         <path>C:\ti\ccsv7\tools\compiler\ti-cgt-arm_16.9.6.LTS\lib\</path>
         <kind>archive</kind>
         <file>rtsv4_A_be_eabi.lib</file>
         <name>fflush.obj</name>
      </input_file>
      <input_file id="fl-f3">
         <path>C:\ti\ccsv7\tools\compiler\ti-cgt-arm_16.9.6.LTS\lib\</path>
         <kind>archive</kind>
         <file>rtsv4_A_be_eabi.lib</file>
         <name>fopen.obj</name>
      </input_file>
      <input_file id="fl-f4">
         <path>C:\ti\ccsv7\tools\compiler\ti-cgt-arm_16.9.6.LTS\lib\</path>
         <kind>archive</kind>
         <file>rtsv4_A_be_eabi.lib</file>
         <name>fseek.obj</name>
      </input_file>
      <input_file id="fl-f5">
         <path>C:\ti\ccsv7\tools\compiler\ti-cgt-arm_16.9.6.LTS\lib\</path>
         <kind>archive</kind>
         <file>rtsv4_A_be_eabi.lib</file>
         <name>hostclose.obj</name>
      </input_file>
      <input_file id="fl-f6">
         <path>C:\ti\ccsv7\tools\compiler\ti-cgt-arm_16.9.6.LTS\lib\</path>
         <kind>archive</kind>
         <file>rtsv4_A_be_eabi.lib</file>
         <name>hostlseek.obj</name>
      </input_file>
      <input_file id="fl-f7">
         <path>C:\ti\ccsv7\tools\compiler\ti-cgt-arm_16.9.6.LTS\lib\</path>
         <kind>archive</kind>
         <file>rtsv4_A_be_eabi.lib</file>
         <name>hostopen.obj</name>
      </input_file>
      <input_file id="fl-f8">
         <path>C:\ti\ccsv7\tools\compiler\ti-cgt-arm_16.9.6.LTS\lib\</path>
         <kind>archive</kind>
         <file>rtsv4_A_be_eabi.lib</file>
         <name>hostread.obj</name>
      </input_file>
      <input_file id="fl-f9">
         <path>C:\ti\ccsv7\tools\compiler\ti-cgt-arm_16.9.6.LTS\lib\</path>
         <kind>archive</kind>
         <file>rtsv4_A_be_eabi.lib</file>
         <name>hostrename.obj</name>
      </input_file>
      <input_file id="fl-fa">
         <path>C:\ti\ccsv7\tools\compiler\ti-cgt-arm_16.9.6.LTS\lib\</path>
         <kind>archive</kind>
         <file>rtsv4_A_be_eabi.lib</file>
         <name>hostunlink.obj</name>
      </input_file>
      <input_file id="fl-fb">
         <path>C:\ti\ccsv7\tools\compiler\ti-cgt-arm_16.9.6.LTS\lib\</path>
         <kind>archive</kind>
         <file>rtsv4_A_be_eabi.lib</file>
         <name>hostwrite.obj</name>
      </input_file>
      <input_file id="fl-fc">
         <path>C:\ti\ccsv7\tools\compiler\ti-cgt-arm_16.9.6.LTS\lib\</path>
         <kind>archive</kind>
         <file>rtsv4_A_be_eabi.lib</file>
         <name>i_div0.obj</name>
      </input_file>
      <input_file id="fl-fd">
         <path>C:\ti\ccsv7\tools\compiler\ti-cgt-arm_16.9.6.LTS\lib\</path>
         <kind>archive</kind>
         <file>rtsv4_A_be_eabi.lib</file>
         <name>i_div32.obj</name>
      </input_file>
      <input_file id="fl-fe">
         <path>C:\ti\ccsv7\tools\compiler\ti-cgt-arm_16.9.6.LTS\lib\</path>
         <kind>archive</kind>
         <file>rtsv4_A_be_eabi.lib</file>
         <name>lseek.obj</name>
      </input_file>
      <input_file id="fl-ff">
         <path>C:\ti\ccsv7\tools\compiler\ti-cgt-arm_16.9.6.LTS\lib\</path>
         <kind>archive</kind>
         <file>rtsv4_A_be_eabi.lib</file>
         <name>memory.obj</name>
      </input_file>
      <input_file id="fl-100">
         <path>C:\ti\ccsv7\tools\compiler\ti-cgt-arm_16.9.6.LTS\lib\</path>
         <kind>archive</kind>
         <file>rtsv4_A_be_eabi.lib</file>
         <name>open.obj</name>
      </input_file>
      <input_file id="fl-101">
         <path>C:\ti\ccsv7\tools\compiler\ti-cgt-arm_16.9.6.LTS\lib\</path>
         <kind>archive</kind>
         <file>rtsv4_A_be_eabi.lib</file>
         <name>s_copysign.obj</name>
      </input_file>
      <input_file id="fl-102">
         <path>C:\ti\ccsv7\tools\compiler\ti-cgt-arm_16.9.6.LTS\lib\</path>
         <kind>archive</kind>
         <file>rtsv4_A_be_eabi.lib</file>
         <name>trgmsg.obj</name>
      </input_file>
      <input_file id="fl-103">
         <path>C:\ti\ccsv7\tools\compiler\ti-cgt-arm_16.9.6.LTS\lib\</path>
         <kind>archive</kind>
         <file>rtsv4_A_be_eabi.lib</file>
         <name>fclose.obj</name>
      </input_file>
      <input_file id="fl-104">
         <path>C:\ti\ccsv7\tools\compiler\ti-cgt-arm_16.9.6.LTS\lib\</path>
         <kind>archive</kind>
         <file>rtsv4_A_be_eabi.lib</file>
         <name>getdevice.obj</name>
      </input_file>
      <input_file id="fl-105">
         <path>C:\ti\ccsv7\tools\compiler\ti-cgt-arm_16.9.6.LTS\lib\</path>
         <kind>archive</kind>
         <file>rtsv4_A_be_eabi.lib</file>
         <name>remove.obj</name>
      </input_file>
      <input_file id="fl-106">
         <path>C:\ti\ccsv7\tools\compiler\ti-cgt-arm_16.9.6.LTS\lib\</path>
         <kind>archive</kind>
         <file>rtsv4_A_be_eabi.lib</file>
         <name>strcmp.obj</name>
      </input_file>
      <input_file id="fl-107">
         <path>C:\ti\ccsv7\tools\compiler\ti-cgt-arm_16.9.6.LTS\lib\</path>
         <kind>archive</kind>
         <file>rtsv4_A_be_eabi.lib</file>
         <name>strncpy.obj</name>
      </input_file>
      <input_file id="fl-108">
         <path>C:\ti\ccsv7\tools\compiler\ti-cgt-arm_16.9.6.LTS\lib\</path>
         <kind>archive</kind>
         <file>rtsv4_A_be_eabi.lib</file>
         <name>unlink.obj</name>
      </input_file>
      <input_file id="fl-109">
         <path>C:\ti\ccsv7\tools\compiler\ti-cgt-arm_16.9.6.LTS\lib\</path>
         <kind>archive</kind>
         <file>rtsv4_A_be_eabi.lib</file>
         <name>close.obj</name>
      </input_file>
   </input_file_list>
   <object_component_list>
      <object_component id="oc-f8">
         <name>.text</name>
         <load_address>0x20</load_address>
         <run_address>0x20</run_address>
         <size>0x1a54</size>
         <input_file_ref idref="fl-c9"/>
      </object_component>
      <object_component id="oc-114">
         <name>.text</name>
         <load_address>0x1a74</load_address>
         <run_address>0x1a74</run_address>
         <size>0xed4</size>
         <input_file_ref idref="fl-ca"/>
      </object_component>
      <object_component id="oc-257">
         <name>.text</name>
         <load_address>0x2948</load_address>
         <run_address>0x2948</run_address>
         <size>0x710</size>
         <input_file_ref idref="fl-ff"/>
      </object_component>
      <object_component id="oc-c3">
         <name>.text</name>
         <load_address>0x3058</load_address>
         <run_address>0x3058</run_address>
         <size>0x358</size>
         <input_file_ref idref="fl-c0"/>
      </object_component>
      <object_component id="oc-1db">
         <name>.text</name>
         <load_address>0x33b0</load_address>
         <run_address>0x33b0</run_address>
         <size>0x344</size>
         <input_file_ref idref="fl-e7"/>
      </object_component>
      <object_component id="oc-25d">
         <name>.text</name>
         <load_address>0x36f4</load_address>
         <run_address>0x36f4</run_address>
         <size>0x2f8</size>
         <input_file_ref idref="fl-f3"/>
      </object_component>
      <object_component id="oc-1ec">
         <name>.text</name>
         <load_address>0x39ec</load_address>
         <run_address>0x39ec</run_address>
         <size>0x2d8</size>
         <input_file_ref idref="fl-e9"/>
      </object_component>
      <object_component id="oc-146">
         <name>.text</name>
         <load_address>0x3cc4</load_address>
         <run_address>0x3cc4</run_address>
         <size>0x2c0</size>
         <input_file_ref idref="fl-ed"/>
      </object_component>
      <object_component id="oc-1d5">
         <name>.text</name>
         <load_address>0x3f84</load_address>
         <run_address>0x3f84</run_address>
         <size>0x248</size>
         <input_file_ref idref="fl-eb"/>
      </object_component>
      <object_component id="oc-174">
         <name>.text</name>
         <load_address>0x41cc</load_address>
         <run_address>0x41cc</run_address>
         <size>0x234</size>
         <input_file_ref idref="fl-d1"/>
      </object_component>
      <object_component id="oc-f2">
         <name>.text</name>
         <load_address>0x4400</load_address>
         <run_address>0x4400</run_address>
         <size>0x204</size>
         <input_file_ref idref="fl-d9"/>
      </object_component>
      <object_component id="oc-1e6">
         <name>.text</name>
         <load_address>0x4604</load_address>
         <run_address>0x4604</run_address>
         <size>0x1fc</size>
         <input_file_ref idref="fl-e8"/>
      </object_component>
      <object_component id="oc-8d">
         <name>.text</name>
         <load_address>0x4800</load_address>
         <run_address>0x4800</run_address>
         <size>0x1f0</size>
         <input_file_ref idref="fl-2"/>
      </object_component>
      <object_component id="oc-1cf">
         <name>.text</name>
         <load_address>0x49f0</load_address>
         <run_address>0x49f0</run_address>
         <size>0x1c0</size>
         <input_file_ref idref="fl-ea"/>
      </object_component>
      <object_component id="oc-15a">
         <name>.text</name>
         <load_address>0x4bb0</load_address>
         <run_address>0x4bb0</run_address>
         <size>0x1a4</size>
         <input_file_ref idref="fl-d3"/>
      </object_component>
      <object_component id="oc-29">
         <name>.text</name>
         <load_address>0x4d54</load_address>
         <run_address>0x4d54</run_address>
         <size>0x1a0</size>
         <input_file_ref idref="fl-c1"/>
      </object_component>
      <object_component id="oc-1b3">
         <name>.text</name>
         <load_address>0x4ef4</load_address>
         <run_address>0x4ef4</run_address>
         <size>0x178</size>
         <input_file_ref idref="fl-e1"/>
      </object_component>
      <object_component id="oc-2c3">
         <name>.text</name>
         <load_address>0x506c</load_address>
         <run_address>0x506c</run_address>
         <size>0x15c</size>
         <input_file_ref idref="fl-100"/>
      </object_component>
      <object_component id="oc-12a">
         <name>.text</name>
         <load_address>0x51c8</load_address>
         <run_address>0x51c8</run_address>
         <size>0x154</size>
         <input_file_ref idref="fl-f2"/>
      </object_component>
      <object_component id="oc-155">
         <name>.text</name>
         <load_address>0x531c</load_address>
         <run_address>0x531c</run_address>
         <size>0x13c</size>
         <input_file_ref idref="fl-d4"/>
      </object_component>
      <object_component id="oc-17f">
         <name>.text</name>
         <load_address>0x5458</load_address>
         <run_address>0x5458</run_address>
         <size>0x130</size>
         <input_file_ref idref="fl-e0"/>
      </object_component>
      <object_component id="oc-ec">
         <name>.text</name>
         <load_address>0x5588</load_address>
         <run_address>0x5588</run_address>
         <size>0x128</size>
         <input_file_ref idref="fl-d8"/>
      </object_component>
      <object_component id="oc-124">
         <name>.text</name>
         <load_address>0x56b0</load_address>
         <run_address>0x56b0</run_address>
         <size>0x120</size>
         <input_file_ref idref="fl-f0"/>
      </object_component>
      <object_component id="oc-2c9">
         <name>.text</name>
         <load_address>0x57d0</load_address>
         <run_address>0x57d0</run_address>
         <size>0x11c</size>
         <input_file_ref idref="fl-103"/>
      </object_component>
      <object_component id="oc-22d">
         <name>.text</name>
         <load_address>0x58ec</load_address>
         <run_address>0x58ec</run_address>
         <size>0x114</size>
         <input_file_ref idref="fl-fd"/>
      </object_component>
      <object_component id="oc-1bb">
         <name>.text</name>
         <load_address>0x5a00</load_address>
         <run_address>0x5a00</run_address>
         <size>0x104</size>
         <input_file_ref idref="fl-ef"/>
      </object_component>
      <object_component id="oc-14b">
         <name>.text</name>
         <load_address>0x5b04</load_address>
         <run_address>0x5b04</run_address>
         <size>0xf0</size>
         <input_file_ref idref="fl-ec"/>
      </object_component>
      <object_component id="oc-10e">
         <name>.text</name>
         <load_address>0x5bf4</load_address>
         <run_address>0x5bf4</run_address>
         <size>0xec</size>
         <input_file_ref idref="fl-d7"/>
      </object_component>
      <object_component id="oc-150">
         <name>.text:__aeabi_cdcmple</name>
         <load_address>0x5ce0</load_address>
         <run_address>0x5ce0</run_address>
         <size>0xe4</size>
         <input_file_ref idref="fl-d2"/>
      </object_component>
      <object_component id="oc-15f">
         <name>.text:__aeabi_cdrcmple</name>
         <load_address>0x5dc4</load_address>
         <run_address>0x5dc4</run_address>
         <size>0xe4</size>
         <input_file_ref idref="fl-d2"/>
      </object_component>
      <object_component id="oc-108">
         <name>.text</name>
         <load_address>0x5ea8</load_address>
         <run_address>0x5ea8</run_address>
         <size>0xd4</size>
         <input_file_ref idref="fl-c7"/>
      </object_component>
      <object_component id="oc-31c">
         <name>.text</name>
         <load_address>0x5f7c</load_address>
         <run_address>0x5f7c</run_address>
         <size>0xc4</size>
         <input_file_ref idref="fl-104"/>
      </object_component>
      <object_component id="oc-306">
         <name>.text</name>
         <load_address>0x6040</load_address>
         <run_address>0x6040</run_address>
         <size>0xbc</size>
         <input_file_ref idref="fl-f6"/>
      </object_component>
      <object_component id="oc-206">
         <name>.text</name>
         <load_address>0x60fc</load_address>
         <run_address>0x60fc</run_address>
         <size>0xb8</size>
         <input_file_ref idref="fl-f4"/>
      </object_component>
      <object_component id="oc-312">
         <name>.text</name>
         <load_address>0x61b4</load_address>
         <run_address>0x61b4</run_address>
         <size>0xb4</size>
         <input_file_ref idref="fl-f9"/>
      </object_component>
      <object_component id="oc-325">
         <name>.text</name>
         <load_address>0x6268</load_address>
         <run_address>0x6268</run_address>
         <size>0xb0</size>
         <input_file_ref idref="fl-109"/>
      </object_component>
      <object_component id="oc-35">
         <name>.text</name>
         <load_address>0x6318</load_address>
         <run_address>0x6318</run_address>
         <size>0xb0</size>
         <input_file_ref idref="fl-c2"/>
      </object_component>
      <object_component id="oc-bd">
         <name>.text</name>
         <load_address>0x63c8</load_address>
         <run_address>0x63c8</run_address>
         <size>0xb0</size>
         <input_file_ref idref="fl-c5"/>
      </object_component>
      <object_component id="oc-338">
         <name>.text</name>
         <load_address>0x6478</load_address>
         <run_address>0x6478</run_address>
         <size>0xb0</size>
         <input_file_ref idref="fl-102"/>
      </object_component>
      <object_component id="oc-4d">
         <name>.text</name>
         <load_address>0x6528</load_address>
         <run_address>0x6528</run_address>
         <size>0xac</size>
         <input_file_ref idref="fl-cd"/>
      </object_component>
      <object_component id="oc-59">
         <name>.text</name>
         <load_address>0x65d4</load_address>
         <run_address>0x65d4</run_address>
         <size>0xa8</size>
         <input_file_ref idref="fl-bf"/>
      </object_component>
      <object_component id="oc-2ee">
         <name>.text</name>
         <load_address>0x667c</load_address>
         <run_address>0x667c</run_address>
         <size>0xa8</size>
         <input_file_ref idref="fl-f7"/>
      </object_component>
      <object_component id="oc-3">
         <name>.text:decompress:lzss</name>
         <load_address>0x6724</load_address>
         <run_address>0x6724</run_address>
         <size>0xa0</size>
         <input_file_ref idref="fl-bc"/>
      </object_component>
      <object_component id="oc-2fa">
         <name>.text</name>
         <load_address>0x67c4</load_address>
         <run_address>0x67c4</run_address>
         <size>0xa0</size>
         <input_file_ref idref="fl-f8"/>
      </object_component>
      <object_component id="oc-300">
         <name>.text</name>
         <load_address>0x6864</load_address>
         <run_address>0x6864</run_address>
         <size>0xa0</size>
         <input_file_ref idref="fl-fb"/>
      </object_component>
      <object_component id="oc-1e1">
         <name>.text</name>
         <load_address>0x6904</load_address>
         <run_address>0x6904</run_address>
         <size>0x9c</size>
         <input_file_ref idref="fl-d6"/>
      </object_component>
      <object_component id="oc-7f">
         <name>.text</name>
         <load_address>0x69a0</load_address>
         <run_address>0x69a0</run_address>
         <size>0x94</size>
         <input_file_ref idref="fl-ce"/>
      </object_component>
      <object_component id="oc-18b">
         <name>.text</name>
         <load_address>0x6a34</load_address>
         <run_address>0x6a34</run_address>
         <size>0x88</size>
         <input_file_ref idref="fl-cc"/>
      </object_component>
      <object_component id="oc-2f4">
         <name>.text</name>
         <load_address>0x6abc</load_address>
         <run_address>0x6abc</run_address>
         <size>0x84</size>
         <input_file_ref idref="fl-f5"/>
      </object_component>
      <object_component id="oc-169">
         <name>.text</name>
         <load_address>0x6b40</load_address>
         <run_address>0x6b40</run_address>
         <size>0x84</size>
         <input_file_ref idref="fl-db"/>
      </object_component>
      <object_component id="oc-179">
         <name>.text</name>
         <load_address>0x6bc4</load_address>
         <run_address>0x6bc4</run_address>
         <size>0x84</size>
         <input_file_ref idref="fl-df"/>
      </object_component>
      <object_component id="oc-30c">
         <name>.text</name>
         <load_address>0x6c48</load_address>
         <run_address>0x6c48</run_address>
         <size>0x80</size>
         <input_file_ref idref="fl-fa"/>
      </object_component>
      <object_component id="oc-164">
         <name>.text</name>
         <load_address>0x6cc8</load_address>
         <run_address>0x6cc8</run_address>
         <size>0x68</size>
         <input_file_ref idref="fl-d5"/>
      </object_component>
      <object_component id="oc-32b">
         <name>.text</name>
         <load_address>0x6d30</load_address>
         <run_address>0x6d30</run_address>
         <size>0x5c</size>
         <input_file_ref idref="fl-108"/>
      </object_component>
      <object_component id="oc-15">
         <name>.text</name>
         <load_address>0x6d8c</load_address>
         <run_address>0x6d8c</run_address>
         <size>0x58</size>
         <input_file_ref idref="fl-bb"/>
      </object_component>
      <object_component id="oc-28b">
         <name>.text</name>
         <load_address>0x6de4</load_address>
         <run_address>0x6de4</run_address>
         <size>0x4c</size>
         <input_file_ref idref="fl-fe"/>
      </object_component>
      <object_component id="oc-1c1">
         <name>.text</name>
         <load_address>0x6e30</load_address>
         <run_address>0x6e30</run_address>
         <size>0x4c</size>
         <input_file_ref idref="fl-de"/>
      </object_component>
      <object_component id="oc-130">
         <name>.text</name>
         <load_address>0x6e7c</load_address>
         <run_address>0x6e7c</run_address>
         <size>0x4c</size>
         <input_file_ref idref="fl-ee"/>
      </object_component>
      <object_component id="oc-354">
         <name>.text</name>
         <load_address>0x6ec8</load_address>
         <run_address>0x6ec8</run_address>
         <size>0x48</size>
         <input_file_ref idref="fl-107"/>
      </object_component>
      <object_component id="oc-16f">
         <name>.text</name>
         <load_address>0x6f10</load_address>
         <run_address>0x6f10</run_address>
         <size>0x3c</size>
         <input_file_ref idref="fl-da"/>
      </object_component>
      <object_component id="oc-13e">
         <name>.text</name>
         <load_address>0x6f4c</load_address>
         <run_address>0x6f4c</run_address>
         <size>0x2c</size>
         <input_file_ref idref="fl-dd"/>
      </object_component>
      <object_component id="oc-1c9">
         <name>.text</name>
         <load_address>0x6f78</load_address>
         <run_address>0x6f78</run_address>
         <size>0x2c</size>
         <input_file_ref idref="fl-e6"/>
      </object_component>
      <object_component id="oc-191">
         <name>.text</name>
         <load_address>0x6fa4</load_address>
         <run_address>0x6fa4</run_address>
         <size>0x28</size>
         <input_file_ref idref="fl-dc"/>
      </object_component>
      <object_component id="oc-185">
         <name>.text</name>
         <load_address>0x6fcc</load_address>
         <run_address>0x6fcc</run_address>
         <size>0x28</size>
         <input_file_ref idref="fl-e3"/>
      </object_component>
      <object_component id="oc-34e">
         <name>.text</name>
         <load_address>0x6ff4</load_address>
         <run_address>0x6ff4</run_address>
         <size>0x28</size>
         <input_file_ref idref="fl-106"/>
      </object_component>
      <object_component id="oc-d4">
         <name>.text</name>
         <load_address>0x701c</load_address>
         <run_address>0x701c</run_address>
         <size>0x24</size>
         <input_file_ref idref="fl-c8"/>
      </object_component>
      <object_component id="oc-53">
         <name>.text</name>
         <load_address>0x7040</load_address>
         <run_address>0x7040</run_address>
         <size>0x20</size>
         <input_file_ref idref="fl-cb"/>
      </object_component>
      <object_component id="oc-1f2">
         <name>.text</name>
         <load_address>0x7060</load_address>
         <run_address>0x7060</run_address>
         <size>0x1c</size>
         <input_file_ref idref="fl-e4"/>
      </object_component>
      <object_component id="oc-138">
         <name>.text</name>
         <load_address>0x707c</load_address>
         <run_address>0x707c</run_address>
         <size>0x1c</size>
         <input_file_ref idref="fl-e5"/>
      </object_component>
      <object_component id="oc-9">
         <name>.text:decompress:none</name>
         <load_address>0x7098</load_address>
         <run_address>0x7098</run_address>
         <size>0x14</size>
         <input_file_ref idref="fl-bd"/>
      </object_component>
      <object_component id="oc-f">
         <name>.text:decompress:ZI</name>
         <load_address>0x70ac</load_address>
         <run_address>0x70ac</run_address>
         <size>0x10</size>
         <input_file_ref idref="fl-be"/>
      </object_component>
      <object_component id="oc-23d">
         <name>.text</name>
         <load_address>0x70bc</load_address>
         <run_address>0x70bc</run_address>
         <size>0x10</size>
         <input_file_ref idref="fl-101"/>
      </object_component>
      <object_component id="oc-47">
         <name>.text</name>
         <load_address>0x70cc</load_address>
         <run_address>0x70cc</run_address>
         <size>0x8</size>
         <input_file_ref idref="fl-c4"/>
      </object_component>
      <object_component id="oc-221">
         <name>.text</name>
         <load_address>0x70d4</load_address>
         <run_address>0x70d4</run_address>
         <size>0x4</size>
         <input_file_ref idref="fl-fc"/>
      </object_component>
      <object_component id="oc-41">
         <name>.text</name>
         <load_address>0x70d8</load_address>
         <run_address>0x70d8</run_address>
         <size>0x4</size>
         <input_file_ref idref="fl-c3"/>
      </object_component>
      <object_component id="oc-85">
         <name>.text</name>
         <load_address>0x70dc</load_address>
         <run_address>0x70dc</run_address>
         <size>0x4</size>
         <input_file_ref idref="fl-e2"/>
      </object_component>
      <object_component id="oc-11a">
         <name>.const:.string:_ctypes_</name>
         <load_address>0x74a0</load_address>
         <run_address>0x74a0</run_address>
         <size>0x101</size>
         <input_file_ref idref="fl-cf"/>
      </object_component>
      <object_component id="oc-1f8">
         <name>.const:.string:flit$1</name>
         <load_address>0x75a1</load_address>
         <run_address>0x75a1</run_address>
         <size>0x7</size>
         <input_file_ref idref="fl-ca"/>
      </object_component>
      <object_component id="oc-278">
         <name>.const:digits</name>
         <load_address>0x75a8</load_address>
         <run_address>0x75a8</run_address>
         <size>0x50</size>
         <input_file_ref idref="fl-e7"/>
      </object_component>
      <object_component id="oc-27b">
         <name>.const:powerof10</name>
         <load_address>0x75f8</load_address>
         <run_address>0x75f8</run_address>
         <size>0x48</size>
         <input_file_ref idref="fl-e7"/>
      </object_component>
      <object_component id="oc-1f9">
         <name>.const:.string:barr$2</name>
         <load_address>0x7640</load_address>
         <run_address>0x7640</run_address>
         <size>0x6</size>
         <input_file_ref idref="fl-ca"/>
      </object_component>
      <object_component id="oc-95">
         <name>.data:$O1$$</name>
         <load_address>0x72a8</load_address>
         <run_address>0x72a8</run_address>
         <size>0xc</size>
         <input_file_ref idref="fl-bf"/>
      </object_component>
      <object_component id="oc-5f">
         <name>.data</name>
         <load_address>0x72d4</load_address>
         <run_address>0x72d4</run_address>
         <size>0x4</size>
         <input_file_ref idref="fl-c6"/>
      </object_component>
      <object_component id="oc-98">
         <name>.data:$O1$$</name>
         <load_address>0x72c0</load_address>
         <run_address>0x72c0</run_address>
         <size>0x8</size>
         <input_file_ref idref="fl-c8"/>
      </object_component>
      <object_component id="oc-fe">
         <name>.data:_ftable</name>
         <load_address>0x70e0</load_address>
         <run_address>0x70e0</run_address>
         <size>0xf0</size>
         <input_file_ref idref="fl-d0"/>
      </object_component>
      <object_component id="oc-20e">
         <name>.data</name>
         <load_address>0x7298</load_address>
         <run_address>0x7298</run_address>
         <size>0x10</size>
         <input_file_ref idref="fl-d0"/>
      </object_component>
      <object_component id="oc-299">
         <name>.data:_device</name>
         <load_address>0x71d0</load_address>
         <run_address>0x71d0</run_address>
         <size>0x78</size>
         <input_file_ref idref="fl-ee"/>
      </object_component>
      <object_component id="oc-213">
         <name>.data:_stream</name>
         <load_address>0x7248</load_address>
         <run_address>0x7248</run_address>
         <size>0x50</size>
         <input_file_ref idref="fl-ee"/>
      </object_component>
      <object_component id="oc-243">
         <name>.data</name>
         <load_address>0x72c8</load_address>
         <run_address>0x72c8</run_address>
         <size>0x4</size>
         <input_file_ref idref="fl-f1"/>
      </object_component>
      <object_component id="oc-2cf">
         <name>.data</name>
         <load_address>0x72cc</load_address>
         <run_address>0x72cc</run_address>
         <size>0x4</size>
         <input_file_ref idref="fl-f3"/>
      </object_component>
      <object_component id="oc-2bf">
         <name>.data:$O1$$</name>
         <load_address>0x72b4</load_address>
         <run_address>0x72b4</run_address>
         <size>0xc</size>
         <input_file_ref idref="fl-ff"/>
      </object_component>
      <object_component id="oc-322">
         <name>.data</name>
         <load_address>0x72d0</load_address>
         <run_address>0x72d0</run_address>
         <size>0x4</size>
         <input_file_ref idref="fl-100"/>
      </object_component>
      <object_component id="oc-364">
         <name>.bss:_CIOBUF_</name>
         <uninitialized>true</uninitialized>
         <run_address>0x72d8</run_address>
         <size>0x120</size>
         <input_file_ref idref="fl-102"/>
      </object_component>
      <object_component id="oc-331">
         <name>.common:__TI_tmpnams</name>
         <uninitialized>true</uninitialized>
         <run_address>0x73f8</run_address>
         <size>0xa0</size>
      </object_component>
      <object_component id="oc-33e">
         <name>.common:parmbuf</name>
         <uninitialized>true</uninitialized>
         <run_address>0x7498</run_address>
         <size>0x8</size>
      </object_component>
      <object_component id="oc-3b4">
         <name>.cinit..data.load</name>
         <load_address>0x8648</load_address>
         <run_address>0x8648</run_address>
         <size>0x70</size>
      </object_component>
      <object_component id="oc-3b2">
         <name>__TI_handler_table</name>
         <load_address>0x86b8</load_address>
         <run_address>0x86b8</run_address>
         <size>0xc</size>
      </object_component>
      <object_component id="oc-3b5">
         <name>.cinit..bss.load</name>
         <load_address>0x86c8</load_address>
         <run_address>0x86c8</run_address>
         <size>0x8</size>
      </object_component>
      <object_component id="oc-3b3">
         <name>__TI_cinit_table</name>
         <load_address>0x86d0</load_address>
         <run_address>0x86d0</run_address>
         <size>0x10</size>
      </object_component>
      <object_component id="oc-ca">
         <name>.debug_info</name>
         <load_address>0x0</load_address>
         <run_address>0x0</run_address>
         <size>0x182</size>
         <input_file_ref idref="fl-2"/>
      </object_component>
      <object_component id="oc-8e">
         <name>.debug_info</name>
         <load_address>0x182</load_address>
         <run_address>0x182</run_address>
         <size>0x199</size>
         <input_file_ref idref="fl-2"/>
      </object_component>
      <object_component id="oc-24">
         <name>.debug_info</name>
         <load_address>0x31b</load_address>
         <run_address>0x31b</run_address>
         <size>0x84</size>
         <input_file_ref idref="fl-2"/>
      </object_component>
      <object_component id="oc-103">
         <name>.debug_info</name>
         <load_address>0x39f</load_address>
         <run_address>0x39f</run_address>
         <size>0x4e</size>
         <input_file_ref idref="fl-2"/>
      </object_component>
      <object_component id="oc-16">
         <name>.debug_info</name>
         <load_address>0x3ed</load_address>
         <run_address>0x3ed</run_address>
         <size>0x130</size>
         <input_file_ref idref="fl-bb"/>
      </object_component>
      <object_component id="oc-6c">
         <name>.debug_info</name>
         <load_address>0x51d</load_address>
         <run_address>0x51d</run_address>
         <size>0x135</size>
         <input_file_ref idref="fl-bc"/>
      </object_component>
      <object_component id="oc-4">
         <name>.debug_info</name>
         <load_address>0x652</load_address>
         <run_address>0x652</run_address>
         <size>0x215</size>
         <input_file_ref idref="fl-bc"/>
      </object_component>
      <object_component id="oc-1f">
         <name>.debug_info</name>
         <load_address>0x867</load_address>
         <run_address>0x867</run_address>
         <size>0x60</size>
         <input_file_ref idref="fl-bc"/>
      </object_component>
      <object_component id="oc-67">
         <name>.debug_info</name>
         <load_address>0x8c7</load_address>
         <run_address>0x8c7</run_address>
         <size>0x46</size>
         <input_file_ref idref="fl-bc"/>
      </object_component>
      <object_component id="oc-34">
         <name>.debug_info</name>
         <load_address>0x90d</load_address>
         <run_address>0x90d</run_address>
         <size>0x17c</size>
         <input_file_ref idref="fl-bd"/>
      </object_component>
      <object_component id="oc-c">
         <name>.debug_info</name>
         <load_address>0xa89</load_address>
         <run_address>0xa89</run_address>
         <size>0x1af</size>
         <input_file_ref idref="fl-bd"/>
      </object_component>
      <object_component id="oc-2f">
         <name>.debug_info</name>
         <load_address>0xc38</load_address>
         <run_address>0xc38</run_address>
         <size>0x46</size>
         <input_file_ref idref="fl-bd"/>
      </object_component>
      <object_component id="oc-6e">
         <name>.debug_info</name>
         <load_address>0xc7e</load_address>
         <run_address>0xc7e</run_address>
         <size>0x2c</size>
         <input_file_ref idref="fl-bd"/>
      </object_component>
      <object_component id="oc-40">
         <name>.debug_info</name>
         <load_address>0xcaa</load_address>
         <run_address>0xcaa</run_address>
         <size>0x16b</size>
         <input_file_ref idref="fl-be"/>
      </object_component>
      <object_component id="oc-12">
         <name>.debug_info</name>
         <load_address>0xe15</load_address>
         <run_address>0xe15</run_address>
         <size>0x17a</size>
         <input_file_ref idref="fl-be"/>
      </object_component>
      <object_component id="oc-3b">
         <name>.debug_info</name>
         <load_address>0xf8f</load_address>
         <run_address>0xf8f</run_address>
         <size>0x46</size>
         <input_file_ref idref="fl-be"/>
      </object_component>
      <object_component id="oc-76">
         <name>.debug_info</name>
         <load_address>0xfd5</load_address>
         <run_address>0xfd5</run_address>
         <size>0x2c</size>
         <input_file_ref idref="fl-be"/>
      </object_component>
      <object_component id="oc-9c">
         <name>.debug_info</name>
         <load_address>0x1001</load_address>
         <run_address>0x1001</run_address>
         <size>0x270</size>
         <input_file_ref idref="fl-bf"/>
      </object_component>
      <object_component id="oc-96">
         <name>.debug_info</name>
         <load_address>0x1271</load_address>
         <run_address>0x1271</run_address>
         <size>0x155</size>
         <input_file_ref idref="fl-bf"/>
      </object_component>
      <object_component id="oc-5b">
         <name>.debug_info</name>
         <load_address>0x13c6</load_address>
         <run_address>0x13c6</run_address>
         <size>0x1e4</size>
         <input_file_ref idref="fl-bf"/>
      </object_component>
      <object_component id="oc-11e">
         <name>.debug_info</name>
         <load_address>0x15aa</load_address>
         <run_address>0x15aa</run_address>
         <size>0x2d5</size>
         <input_file_ref idref="fl-c0"/>
      </object_component>
      <object_component id="oc-c4">
         <name>.debug_info</name>
         <load_address>0x187f</load_address>
         <run_address>0x187f</run_address>
         <size>0x618</size>
         <input_file_ref idref="fl-c0"/>
      </object_component>
      <object_component id="oc-1ae">
         <name>.debug_info</name>
         <load_address>0x1e97</load_address>
         <run_address>0x1e97</run_address>
         <size>0xae</size>
         <input_file_ref idref="fl-c0"/>
      </object_component>
      <object_component id="oc-2b">
         <name>.debug_info</name>
         <load_address>0x1f45</load_address>
         <run_address>0x1f45</run_address>
         <size>0x131</size>
         <input_file_ref idref="fl-c1"/>
      </object_component>
      <object_component id="oc-37">
         <name>.debug_info</name>
         <load_address>0x2076</load_address>
         <run_address>0x2076</run_address>
         <size>0x114</size>
         <input_file_ref idref="fl-c2"/>
      </object_component>
      <object_component id="oc-42">
         <name>.debug_info</name>
         <load_address>0x218a</load_address>
         <run_address>0x218a</run_address>
         <size>0x108</size>
         <input_file_ref idref="fl-c3"/>
      </object_component>
      <object_component id="oc-4b">
         <name>.debug_info</name>
         <load_address>0x2292</load_address>
         <run_address>0x2292</run_address>
         <size>0x118</size>
         <input_file_ref idref="fl-c4"/>
      </object_component>
      <object_component id="oc-102">
         <name>.debug_info</name>
         <load_address>0x23aa</load_address>
         <run_address>0x23aa</run_address>
         <size>0x268</size>
         <input_file_ref idref="fl-c5"/>
      </object_component>
      <object_component id="oc-c0">
         <name>.debug_info</name>
         <load_address>0x2612</load_address>
         <run_address>0x2612</run_address>
         <size>0x254</size>
         <input_file_ref idref="fl-c5"/>
      </object_component>
      <object_component id="oc-60">
         <name>.debug_info</name>
         <load_address>0x2866</load_address>
         <run_address>0x2866</run_address>
         <size>0xd9</size>
         <input_file_ref idref="fl-c6"/>
      </object_component>
      <object_component id="oc-1ba">
         <name>.debug_info</name>
         <load_address>0x293f</load_address>
         <run_address>0x293f</run_address>
         <size>0x19d</size>
         <input_file_ref idref="fl-c7"/>
      </object_component>
      <object_component id="oc-10c">
         <name>.debug_info</name>
         <load_address>0x2adc</load_address>
         <run_address>0x2adc</run_address>
         <size>0x17c</size>
         <input_file_ref idref="fl-c7"/>
      </object_component>
      <object_component id="oc-265">
         <name>.debug_info</name>
         <load_address>0x2c58</load_address>
         <run_address>0x2c58</run_address>
         <size>0xbb</size>
         <input_file_ref idref="fl-c7"/>
      </object_component>
      <object_component id="oc-dc">
         <name>.debug_info</name>
         <load_address>0x2d13</load_address>
         <run_address>0x2d13</run_address>
         <size>0x160</size>
         <input_file_ref idref="fl-c8"/>
      </object_component>
      <object_component id="oc-99">
         <name>.debug_info</name>
         <load_address>0x2e73</load_address>
         <run_address>0x2e73</run_address>
         <size>0xe3</size>
         <input_file_ref idref="fl-c8"/>
      </object_component>
      <object_component id="oc-d8">
         <name>.debug_info</name>
         <load_address>0x2f56</load_address>
         <run_address>0x2f56</run_address>
         <size>0x1ef</size>
         <input_file_ref idref="fl-c8"/>
      </object_component>
      <object_component id="oc-198">
         <name>.debug_info</name>
         <load_address>0x3145</load_address>
         <run_address>0x3145</run_address>
         <size>0x3bc</size>
         <input_file_ref idref="fl-c9"/>
      </object_component>
      <object_component id="oc-f9">
         <name>.debug_info</name>
         <load_address>0x3501</load_address>
         <run_address>0x3501</run_address>
         <size>0x1524</size>
         <input_file_ref idref="fl-c9"/>
      </object_component>
      <object_component id="oc-199">
         <name>.debug_info</name>
         <load_address>0x4a25</load_address>
         <run_address>0x4a25</run_address>
         <size>0x86</size>
         <input_file_ref idref="fl-c9"/>
      </object_component>
      <object_component id="oc-1a3">
         <name>.debug_info</name>
         <load_address>0x4aab</load_address>
         <run_address>0x4aab</run_address>
         <size>0x2c</size>
         <input_file_ref idref="fl-c9"/>
      </object_component>
      <object_component id="oc-250">
         <name>.debug_info</name>
         <load_address>0x4ad7</load_address>
         <run_address>0x4ad7</run_address>
         <size>0x46</size>
         <input_file_ref idref="fl-c9"/>
      </object_component>
      <object_component id="oc-19e">
         <name>.debug_info</name>
         <load_address>0x4b1d</load_address>
         <run_address>0x4b1d</run_address>
         <size>0x39</size>
         <input_file_ref idref="fl-c9"/>
      </object_component>
      <object_component id="oc-1fb">
         <name>.debug_info</name>
         <load_address>0x4b56</load_address>
         <run_address>0x4b56</run_address>
         <size>0x41b</size>
         <input_file_ref idref="fl-ca"/>
      </object_component>
      <object_component id="oc-116">
         <name>.debug_info</name>
         <load_address>0x4f71</load_address>
         <run_address>0x4f71</run_address>
         <size>0x7f1</size>
         <input_file_ref idref="fl-ca"/>
      </object_component>
      <object_component id="oc-1fc">
         <name>.debug_info</name>
         <load_address>0x5762</load_address>
         <run_address>0x5762</run_address>
         <size>0x9a</size>
         <input_file_ref idref="fl-ca"/>
      </object_component>
      <object_component id="oc-94">
         <name>.debug_info</name>
         <load_address>0x57fc</load_address>
         <run_address>0x57fc</run_address>
         <size>0x1a2</size>
         <input_file_ref idref="fl-cb"/>
      </object_component>
      <object_component id="oc-55">
         <name>.debug_info</name>
         <load_address>0x599e</load_address>
         <run_address>0x599e</run_address>
         <size>0x137</size>
         <input_file_ref idref="fl-cb"/>
      </object_component>
      <object_component id="oc-cd">
         <name>.debug_info</name>
         <load_address>0x5ad5</load_address>
         <run_address>0x5ad5</run_address>
         <size>0x5e</size>
         <input_file_ref idref="fl-cb"/>
      </object_component>
      <object_component id="oc-24b">
         <name>.debug_info</name>
         <load_address>0x5b33</load_address>
         <run_address>0x5b33</run_address>
         <size>0x150</size>
         <input_file_ref idref="fl-cc"/>
      </object_component>
      <object_component id="oc-18e">
         <name>.debug_info</name>
         <load_address>0x5c83</load_address>
         <run_address>0x5c83</run_address>
         <size>0x141</size>
         <input_file_ref idref="fl-cc"/>
      </object_component>
      <object_component id="oc-8c">
         <name>.debug_info</name>
         <load_address>0x5dc4</load_address>
         <run_address>0x5dc4</run_address>
         <size>0x325</size>
         <input_file_ref idref="fl-cd"/>
      </object_component>
      <object_component id="oc-4e">
         <name>.debug_info</name>
         <load_address>0x60e9</load_address>
         <run_address>0x60e9</run_address>
         <size>0x19a</size>
         <input_file_ref idref="fl-cd"/>
      </object_component>
      <object_component id="oc-b3">
         <name>.debug_info</name>
         <load_address>0x6283</load_address>
         <run_address>0x6283</run_address>
         <size>0x39</size>
         <input_file_ref idref="fl-cd"/>
      </object_component>
      <object_component id="oc-e7">
         <name>.debug_info</name>
         <load_address>0x62bc</load_address>
         <run_address>0x62bc</run_address>
         <size>0x39</size>
         <input_file_ref idref="fl-cd"/>
      </object_component>
      <object_component id="oc-b8">
         <name>.debug_info</name>
         <load_address>0x62f5</load_address>
         <run_address>0x62f5</run_address>
         <size>0xcd</size>
         <input_file_ref idref="fl-cd"/>
      </object_component>
      <object_component id="oc-af">
         <name>.debug_info</name>
         <load_address>0x63c2</load_address>
         <run_address>0x63c2</run_address>
         <size>0x21c</size>
         <input_file_ref idref="fl-ce"/>
      </object_component>
      <object_component id="oc-83">
         <name>.debug_info</name>
         <load_address>0x65de</load_address>
         <run_address>0x65de</run_address>
         <size>0x153</size>
         <input_file_ref idref="fl-ce"/>
      </object_component>
      <object_component id="oc-e2">
         <name>.debug_info</name>
         <load_address>0x6731</load_address>
         <run_address>0x6731</run_address>
         <size>0x2c</size>
         <input_file_ref idref="fl-ce"/>
      </object_component>
      <object_component id="oc-203">
         <name>.debug_info</name>
         <load_address>0x675d</load_address>
         <run_address>0x675d</run_address>
         <size>0xbe</size>
         <input_file_ref idref="fl-cf"/>
      </object_component>
      <object_component id="oc-11b">
         <name>.debug_info</name>
         <load_address>0x681b</load_address>
         <run_address>0x681b</run_address>
         <size>0xca</size>
         <input_file_ref idref="fl-cf"/>
      </object_component>
      <object_component id="oc-1aa">
         <name>.debug_info</name>
         <load_address>0x68e5</load_address>
         <run_address>0x68e5</run_address>
         <size>0x109</size>
         <input_file_ref idref="fl-d0"/>
      </object_component>
      <object_component id="oc-ff">
         <name>.debug_info</name>
         <load_address>0x69ee</load_address>
         <run_address>0x69ee</run_address>
         <size>0xc7</size>
         <input_file_ref idref="fl-d0"/>
      </object_component>
      <object_component id="oc-20f">
         <name>.debug_info</name>
         <load_address>0x6ab5</load_address>
         <run_address>0x6ab5</run_address>
         <size>0x154</size>
         <input_file_ref idref="fl-d0"/>
      </object_component>
      <object_component id="oc-177">
         <name>.debug_info</name>
         <load_address>0x6c09</load_address>
         <run_address>0x6c09</run_address>
         <size>0x12b</size>
         <input_file_ref idref="fl-d1"/>
      </object_component>
      <object_component id="oc-153">
         <name>.debug_info</name>
         <load_address>0x6d34</load_address>
         <run_address>0x6d34</run_address>
         <size>0xf2</size>
         <input_file_ref idref="fl-d2"/>
      </object_component>
      <object_component id="oc-161">
         <name>.debug_info</name>
         <load_address>0x6e26</load_address>
         <run_address>0x6e26</run_address>
         <size>0xf4</size>
         <input_file_ref idref="fl-d2"/>
      </object_component>
      <object_component id="oc-15b">
         <name>.debug_info</name>
         <load_address>0x6f1a</load_address>
         <run_address>0x6f1a</run_address>
         <size>0x110</size>
         <input_file_ref idref="fl-d3"/>
      </object_component>
      <object_component id="oc-157">
         <name>.debug_info</name>
         <load_address>0x702a</load_address>
         <run_address>0x702a</run_address>
         <size>0x110</size>
         <input_file_ref idref="fl-d4"/>
      </object_component>
      <object_component id="oc-165">
         <name>.debug_info</name>
         <load_address>0x713a</load_address>
         <run_address>0x713a</run_address>
         <size>0xfe</size>
         <input_file_ref idref="fl-d5"/>
      </object_component>
      <object_component id="oc-1e3">
         <name>.debug_info</name>
         <load_address>0x7238</load_address>
         <run_address>0x7238</run_address>
         <size>0x105</size>
         <input_file_ref idref="fl-d6"/>
      </object_component>
      <object_component id="oc-1c8">
         <name>.debug_info</name>
         <load_address>0x733d</load_address>
         <run_address>0x733d</run_address>
         <size>0x20c</size>
         <input_file_ref idref="fl-d7"/>
      </object_component>
      <object_component id="oc-10f">
         <name>.debug_info</name>
         <load_address>0x7549</load_address>
         <run_address>0x7549</run_address>
         <size>0x1e9</size>
         <input_file_ref idref="fl-d7"/>
      </object_component>
      <object_component id="oc-137">
         <name>.debug_info</name>
         <load_address>0x7732</load_address>
         <run_address>0x7732</run_address>
         <size>0x21a</size>
         <input_file_ref idref="fl-d8"/>
      </object_component>
      <object_component id="oc-ed">
         <name>.debug_info</name>
         <load_address>0x794c</load_address>
         <run_address>0x794c</run_address>
         <size>0x20a</size>
         <input_file_ref idref="fl-d8"/>
      </object_component>
      <object_component id="oc-145">
         <name>.debug_info</name>
         <load_address>0x7b56</load_address>
         <run_address>0x7b56</run_address>
         <size>0x2de</size>
         <input_file_ref idref="fl-d9"/>
      </object_component>
      <object_component id="oc-f5">
         <name>.debug_info</name>
         <load_address>0x7e34</load_address>
         <run_address>0x7e34</run_address>
         <size>0x32a</size>
         <input_file_ref idref="fl-d9"/>
      </object_component>
      <object_component id="oc-170">
         <name>.debug_info</name>
         <load_address>0x815e</load_address>
         <run_address>0x815e</run_address>
         <size>0xf3</size>
         <input_file_ref idref="fl-da"/>
      </object_component>
      <object_component id="oc-233">
         <name>.debug_info</name>
         <load_address>0x8251</load_address>
         <run_address>0x8251</run_address>
         <size>0x188</size>
         <input_file_ref idref="fl-db"/>
      </object_component>
      <object_component id="oc-16a">
         <name>.debug_info</name>
         <load_address>0x83d9</load_address>
         <run_address>0x83d9</run_address>
         <size>0x1aa</size>
         <input_file_ref idref="fl-db"/>
      </object_component>
      <object_component id="oc-24d">
         <name>.debug_info</name>
         <load_address>0x8583</load_address>
         <run_address>0x8583</run_address>
         <size>0x12d</size>
         <input_file_ref idref="fl-dc"/>
      </object_component>
      <object_component id="oc-193">
         <name>.debug_info</name>
         <load_address>0x86b0</load_address>
         <run_address>0x86b0</run_address>
         <size>0x17b</size>
         <input_file_ref idref="fl-dc"/>
      </object_component>
      <object_component id="oc-21d">
         <name>.debug_info</name>
         <load_address>0x882b</load_address>
         <run_address>0x882b</run_address>
         <size>0x13c</size>
         <input_file_ref idref="fl-dd"/>
      </object_component>
      <object_component id="oc-13f">
         <name>.debug_info</name>
         <load_address>0x8967</load_address>
         <run_address>0x8967</run_address>
         <size>0x1b6</size>
         <input_file_ref idref="fl-dd"/>
      </object_component>
      <object_component id="oc-26f">
         <name>.debug_info</name>
         <load_address>0x8b1d</load_address>
         <run_address>0x8b1d</run_address>
         <size>0x22d</size>
         <input_file_ref idref="fl-de"/>
      </object_component>
      <object_component id="oc-1c2">
         <name>.debug_info</name>
         <load_address>0x8d4a</load_address>
         <run_address>0x8d4a</run_address>
         <size>0x149</size>
         <input_file_ref idref="fl-de"/>
      </object_component>
      <object_component id="oc-2a0">
         <name>.debug_info</name>
         <load_address>0x8e93</load_address>
         <run_address>0x8e93</run_address>
         <size>0x120</size>
         <input_file_ref idref="fl-de"/>
      </object_component>
      <object_component id="oc-2a5">
         <name>.debug_info</name>
         <load_address>0x8fb3</load_address>
         <run_address>0x8fb3</run_address>
         <size>0x2c</size>
         <input_file_ref idref="fl-de"/>
      </object_component>
      <object_component id="oc-237">
         <name>.debug_info</name>
         <load_address>0x8fdf</load_address>
         <run_address>0x8fdf</run_address>
         <size>0x17b</size>
         <input_file_ref idref="fl-df"/>
      </object_component>
      <object_component id="oc-17c">
         <name>.debug_info</name>
         <load_address>0x915a</load_address>
         <run_address>0x915a</run_address>
         <size>0x159</size>
         <input_file_ref idref="fl-df"/>
      </object_component>
      <object_component id="oc-238">
         <name>.debug_info</name>
         <load_address>0x92b3</load_address>
         <run_address>0x92b3</run_address>
         <size>0x2c</size>
         <input_file_ref idref="fl-df"/>
      </object_component>
      <object_component id="oc-247">
         <name>.debug_info</name>
         <load_address>0x92df</load_address>
         <run_address>0x92df</run_address>
         <size>0x1b8</size>
         <input_file_ref idref="fl-e0"/>
      </object_component>
      <object_component id="oc-180">
         <name>.debug_info</name>
         <load_address>0x9497</load_address>
         <run_address>0x9497</run_address>
         <size>0x19f</size>
         <input_file_ref idref="fl-e0"/>
      </object_component>
      <object_component id="oc-264">
         <name>.debug_info</name>
         <load_address>0x9636</load_address>
         <run_address>0x9636</run_address>
         <size>0x1fc</size>
         <input_file_ref idref="fl-e1"/>
      </object_component>
      <object_component id="oc-1b6">
         <name>.debug_info</name>
         <load_address>0x9832</load_address>
         <run_address>0x9832</run_address>
         <size>0x1d1</size>
         <input_file_ref idref="fl-e1"/>
      </object_component>
      <object_component id="oc-86">
         <name>.debug_info</name>
         <load_address>0x9a03</load_address>
         <run_address>0x9a03</run_address>
         <size>0x115</size>
         <input_file_ref idref="fl-e2"/>
      </object_component>
      <object_component id="oc-249">
         <name>.debug_info</name>
         <load_address>0x9b18</load_address>
         <run_address>0x9b18</run_address>
         <size>0x131</size>
         <input_file_ref idref="fl-e3"/>
      </object_component>
      <object_component id="oc-186">
         <name>.debug_info</name>
         <load_address>0x9c49</load_address>
         <run_address>0x9c49</run_address>
         <size>0x1b8</size>
         <input_file_ref idref="fl-e3"/>
      </object_component>
      <object_component id="oc-286">
         <name>.debug_info</name>
         <load_address>0x9e01</load_address>
         <run_address>0x9e01</run_address>
         <size>0x131</size>
         <input_file_ref idref="fl-e4"/>
      </object_component>
      <object_component id="oc-1f3">
         <name>.debug_info</name>
         <load_address>0x9f32</load_address>
         <run_address>0x9f32</run_address>
         <size>0x1b4</size>
         <input_file_ref idref="fl-e4"/>
      </object_component>
      <object_component id="oc-21b">
         <name>.debug_info</name>
         <load_address>0xa0e6</load_address>
         <run_address>0xa0e6</run_address>
         <size>0x126</size>
         <input_file_ref idref="fl-e5"/>
      </object_component>
      <object_component id="oc-139">
         <name>.debug_info</name>
         <load_address>0xa20c</load_address>
         <run_address>0xa20c</run_address>
         <size>0x19e</size>
         <input_file_ref idref="fl-e5"/>
      </object_component>
      <object_component id="oc-273">
         <name>.debug_info</name>
         <load_address>0xa3aa</load_address>
         <run_address>0xa3aa</run_address>
         <size>0x12d</size>
         <input_file_ref idref="fl-e6"/>
      </object_component>
      <object_component id="oc-1cb">
         <name>.debug_info</name>
         <load_address>0xa4d7</load_address>
         <run_address>0xa4d7</run_address>
         <size>0x1bc</size>
         <input_file_ref idref="fl-e6"/>
      </object_component>
      <object_component id="oc-27f">
         <name>.debug_info</name>
         <load_address>0xa693</load_address>
         <run_address>0xa693</run_address>
         <size>0x24b</size>
         <input_file_ref idref="fl-e7"/>
      </object_component>
      <object_component id="oc-27c">
         <name>.debug_info</name>
         <load_address>0xa8de</load_address>
         <run_address>0xa8de</run_address>
         <size>0xcc</size>
         <input_file_ref idref="fl-e7"/>
      </object_component>
      <object_component id="oc-279">
         <name>.debug_info</name>
         <load_address>0xa9aa</load_address>
         <run_address>0xa9aa</run_address>
         <size>0xc6</size>
         <input_file_ref idref="fl-e7"/>
      </object_component>
      <object_component id="oc-1dc">
         <name>.debug_info</name>
         <load_address>0xaa70</load_address>
         <run_address>0xaa70</run_address>
         <size>0x2b6</size>
         <input_file_ref idref="fl-e7"/>
      </object_component>
      <object_component id="oc-282">
         <name>.debug_info</name>
         <load_address>0xad26</load_address>
         <run_address>0xad26</run_address>
         <size>0x17e</size>
         <input_file_ref idref="fl-e8"/>
      </object_component>
      <object_component id="oc-1e9">
         <name>.debug_info</name>
         <load_address>0xaea4</load_address>
         <run_address>0xaea4</run_address>
         <size>0x251</size>
         <input_file_ref idref="fl-e8"/>
      </object_component>
      <object_component id="oc-284">
         <name>.debug_info</name>
         <load_address>0xb0f5</load_address>
         <run_address>0xb0f5</run_address>
         <size>0x17f</size>
         <input_file_ref idref="fl-e9"/>
      </object_component>
      <object_component id="oc-1ed">
         <name>.debug_info</name>
         <load_address>0xb274</load_address>
         <run_address>0xb274</run_address>
         <size>0x253</size>
         <input_file_ref idref="fl-e9"/>
      </object_component>
      <object_component id="oc-275">
         <name>.debug_info</name>
         <load_address>0xb4c7</load_address>
         <run_address>0xb4c7</run_address>
         <size>0x17f</size>
         <input_file_ref idref="fl-ea"/>
      </object_component>
      <object_component id="oc-1d0">
         <name>.debug_info</name>
         <load_address>0xb646</load_address>
         <run_address>0xb646</run_address>
         <size>0x1e4</size>
         <input_file_ref idref="fl-ea"/>
      </object_component>
      <object_component id="oc-277">
         <name>.debug_info</name>
         <load_address>0xb82a</load_address>
         <run_address>0xb82a</run_address>
         <size>0x180</size>
         <input_file_ref idref="fl-eb"/>
      </object_component>
      <object_component id="oc-1d6">
         <name>.debug_info</name>
         <load_address>0xb9aa</load_address>
         <run_address>0xb9aa</run_address>
         <size>0x1f2</size>
         <input_file_ref idref="fl-eb"/>
      </object_component>
      <object_component id="oc-14c">
         <name>.debug_info</name>
         <load_address>0xbb9c</load_address>
         <run_address>0xbb9c</run_address>
         <size>0x110</size>
         <input_file_ref idref="fl-ec"/>
      </object_component>
      <object_component id="oc-147">
         <name>.debug_info</name>
         <load_address>0xbcac</load_address>
         <run_address>0xbcac</run_address>
         <size>0x152</size>
         <input_file_ref idref="fl-ed"/>
      </object_component>
      <object_component id="oc-217">
         <name>.debug_info</name>
         <load_address>0xbdfe</load_address>
         <run_address>0xbdfe</run_address>
         <size>0x367</size>
         <input_file_ref idref="fl-ee"/>
      </object_component>
      <object_component id="oc-29a">
         <name>.debug_info</name>
         <load_address>0xc165</load_address>
         <run_address>0xc165</run_address>
         <size>0xc8</size>
         <input_file_ref idref="fl-ee"/>
      </object_component>
      <object_component id="oc-214">
         <name>.debug_info</name>
         <load_address>0xc22d</load_address>
         <run_address>0xc22d</run_address>
         <size>0xc8</size>
         <input_file_ref idref="fl-ee"/>
      </object_component>
      <object_component id="oc-132">
         <name>.debug_info</name>
         <load_address>0xc2f5</load_address>
         <run_address>0xc2f5</run_address>
         <size>0x14e</size>
         <input_file_ref idref="fl-ee"/>
      </object_component>
      <object_component id="oc-26d">
         <name>.debug_info</name>
         <load_address>0xc443</load_address>
         <run_address>0xc443</run_address>
         <size>0x207</size>
         <input_file_ref idref="fl-ef"/>
      </object_component>
      <object_component id="oc-1bd">
         <name>.debug_info</name>
         <load_address>0xc64a</load_address>
         <run_address>0xc64a</run_address>
         <size>0x1a7</size>
         <input_file_ref idref="fl-ef"/>
      </object_component>
      <object_component id="oc-20d">
         <name>.debug_info</name>
         <load_address>0xc7f1</load_address>
         <run_address>0xc7f1</run_address>
         <size>0x18d</size>
         <input_file_ref idref="fl-f0"/>
      </object_component>
      <object_component id="oc-128">
         <name>.debug_info</name>
         <load_address>0xc97e</load_address>
         <run_address>0xc97e</run_address>
         <size>0x1f4</size>
         <input_file_ref idref="fl-f0"/>
      </object_component>
      <object_component id="oc-244">
         <name>.debug_info</name>
         <load_address>0xcb72</load_address>
         <run_address>0xcb72</run_address>
         <size>0xc3</size>
         <input_file_ref idref="fl-f1"/>
      </object_component>
      <object_component id="oc-212">
         <name>.debug_info</name>
         <load_address>0xcc35</load_address>
         <run_address>0xcc35</run_address>
         <size>0x1de</size>
         <input_file_ref idref="fl-f2"/>
      </object_component>
      <object_component id="oc-12c">
         <name>.debug_info</name>
         <load_address>0xce13</load_address>
         <run_address>0xce13</run_address>
         <size>0x22b</size>
         <input_file_ref idref="fl-f2"/>
      </object_component>
      <object_component id="oc-2d1">
         <name>.debug_info</name>
         <load_address>0xd03e</load_address>
         <run_address>0xd03e</run_address>
         <size>0x278</size>
         <input_file_ref idref="fl-f3"/>
      </object_component>
      <object_component id="oc-25e">
         <name>.debug_info</name>
         <load_address>0xd2b6</load_address>
         <run_address>0xd2b6</run_address>
         <size>0x40a</size>
         <input_file_ref idref="fl-f3"/>
      </object_component>
      <object_component id="oc-a2">
         <name>.debug_info</name>
         <load_address>0xd6c0</load_address>
         <run_address>0xd6c0</run_address>
         <size>0x2c</size>
         <input_file_ref idref="fl-f3"/>
      </object_component>
      <object_component id="oc-292">
         <name>.debug_info</name>
         <load_address>0xd6ec</load_address>
         <run_address>0xd6ec</run_address>
         <size>0x1bb</size>
         <input_file_ref idref="fl-f4"/>
      </object_component>
      <object_component id="oc-207">
         <name>.debug_info</name>
         <load_address>0xd8a7</load_address>
         <run_address>0xd8a7</run_address>
         <size>0x1ab</size>
         <input_file_ref idref="fl-f4"/>
      </object_component>
      <object_component id="oc-343">
         <name>.debug_info</name>
         <load_address>0xda52</load_address>
         <run_address>0xda52</run_address>
         <size>0x20a</size>
         <input_file_ref idref="fl-f5"/>
      </object_component>
      <object_component id="oc-2f7">
         <name>.debug_info</name>
         <load_address>0xdc5c</load_address>
         <run_address>0xdc5c</run_address>
         <size>0x181</size>
         <input_file_ref idref="fl-f5"/>
      </object_component>
      <object_component id="oc-349">
         <name>.debug_info</name>
         <load_address>0xdddd</load_address>
[...]
      </symbol>
      <symbol id="sm-11d">
         <name>__aeabi_memcpy</name>
         <value>0x4d54</value>
         <object_component_ref idref="oc-29"/>
      </symbol>
      <symbol id="sm-11e">
         <name>__aeabi_memcpy8</name>
         <value>0x4d54</value>
         <object_component_ref idref="oc-29"/>
      </symbol>
      <symbol id="sm-11f">
         <name>__aeabi_memcpy4</name>
         <value>0x4d54</value>
         <object_component_ref idref="oc-29"/>
      </symbol>
      <symbol id="sm-12e">
         <name>__aeabi_memset</name>
         <value>0x631c</value>
         <object_component_ref idref="oc-35"/>
      </symbol>
      <symbol id="sm-12f">
         <name>memset</name>
         <value>0x6328</value>
         <object_component_ref idref="oc-35"/>
      </symbol>
      <symbol id="sm-130">
         <name>__aeabi_memset8</name>
         <value>0x631c</value>
         <object_component_ref idref="oc-35"/>
      </symbol>
      <symbol id="sm-131">
         <name>__aeabi_memset4</name>
         <value>0x631c</value>
         <object_component_ref idref="oc-35"/>
      </symbol>
      <symbol id="sm-132">
         <name>__aeabi_memclr8</name>
         <value>0x6318</value>
         <object_component_ref idref="oc-35"/>
      </symbol>
      <symbol id="sm-133">
         <name>__aeabi_memclr4</name>
         <value>0x6318</value>
         <object_component_ref idref="oc-35"/>
      </symbol>
      <symbol id="sm-134">
         <name>__aeabi_memclr</name>
         <value>0x6318</value>
         <object_component_ref idref="oc-35"/>
      </symbol>
      <symbol id="sm-13e">
         <name>__mpu_init</name>
         <value>0x70d8</value>
         <object_component_ref idref="oc-41"/>
      </symbol>
      <symbol id="sm-148">
         <name>_system_pre_init</name>
         <value>0x70cc</value>
         <object_component_ref idref="oc-47"/>
      </symbol>
      <symbol id="sm-161">
         <name>printf</name>
         <value>0x63d0</value>
         <object_component_ref idref="oc-bd"/>
      </symbol>
      <symbol id="sm-169">
         <name>main_func_sp</name>
         <value>0x72d4</value>
         <object_component_ref idref="oc-5f"/>
      </symbol>
      <symbol id="sm-181">
         <name>ungetc</name>
         <value>0x5ea8</value>
         <object_component_ref idref="oc-108"/>
      </symbol>
      <symbol id="sm-19b">
         <name>_nop</name>
         <value>0x7034</value>
         <object_component_ref idref="oc-d4"/>
      </symbol>
      <symbol id="sm-19c">
         <name>_lock</name>
         <value>0x72c0</value>
         <object_component_ref idref="oc-98"/>
      </symbol>
      <symbol id="sm-19d">
         <name>_unlock</name>
         <value>0x72c4</value>
         <object_component_ref idref="oc-98"/>
      </symbol>
      <symbol id="sm-19e">
         <name>_register_lock</name>
         <value>0x7028</value>
         <object_component_ref idref="oc-d4"/>
      </symbol>
      <symbol id="sm-19f">
         <name>_register_unlock</name>
         <value>0x701c</value>
         <object_component_ref idref="oc-d4"/>
      </symbol>
      <symbol id="sm-298">
         <name>__TI_printfi</name>
         <value>0xc94</value>
         <object_component_ref idref="oc-f8"/>
      </symbol>
      <symbol id="sm-31e">
         <name>__TI_scanfi</name>
         <value>0x1a74</value>
         <object_component_ref idref="oc-114"/>
      </symbol>
      <symbol id="sm-332">
         <name>_args_main</name>
         <value>0x7040</value>
         <object_component_ref idref="oc-53"/>
      </symbol>
      <symbol id="sm-347">
         <name>atoi</name>
         <value>0x6a34</value>
         <object_component_ref idref="oc-18b"/>
      </symbol>
      <symbol id="sm-371">
         <name>__TI_auto_init</name>
         <value>0x6528</value>
         <object_component_ref idref="oc-4d"/>
      </symbol>
      <symbol id="sm-38b">
         <name>copy_in</name>
         <value>0x69a0</value>
         <object_component_ref idref="oc-7f"/>
      </symbol>
      <symbol id="sm-396">
         <name>_ctypes_</name>
         <value>0x74a0</value>
         <object_component_ref idref="oc-11a"/>
      </symbol>
      <symbol id="sm-3ab">
         <name>__TI_tmpnams</name>
         <value>0x73f8</value>
      </symbol>
      <symbol id="sm-3ac">
         <name>__aeabi_stdout</name>
         <value>0x72a0</value>
         <object_component_ref idref="oc-20e"/>
      </symbol>
      <symbol id="sm-3ad">
         <name>__aeabi_stderr</name>
         <value>0x72a4</value>
         <object_component_ref idref="oc-20e"/>
      </symbol>
      <symbol id="sm-3ae">
         <name>__aeabi_stdin</name>
         <value>0x729c</value>
         <object_component_ref idref="oc-20e"/>
      </symbol>
      <symbol id="sm-3af">
         <name>_ftable</name>
         <value>0x70e0</value>
         <object_component_ref idref="oc-fe"/>
      </symbol>
      <symbol id="sm-3b0">
         <name>__TI_ft_end</name>
         <value>0x7298</value>
         <object_component_ref idref="oc-20e"/>
      </symbol>
      <symbol id="sm-3c7">
         <name>__aeabi_dsub</name>
         <value>0x41cc</value>
         <object_component_ref idref="oc-174"/>
      </symbol>
      <symbol id="sm-3c8">
         <name>__aeabi_dadd</name>
         <value>0x41d8</value>
         <object_component_ref idref="oc-174"/>
      </symbol>
      <symbol id="sm-3ea">
         <name>__aeabi_cdcmpeq</name>
         <value>0x5ce0</value>
         <object_component_ref idref="oc-150"/>
      </symbol>
      <symbol id="sm-3eb">
         <name>__aeabi_cdcmple</name>
         <value>0x5ce0</value>
         <object_component_ref idref="oc-150"/>
      </symbol>
      <symbol id="sm-3ec">
         <name>__aeabi_cdrcmple</name>
         <value>0x5dc4</value>
         <object_component_ref idref="oc-15f"/>
      </symbol>
      <symbol id="sm-400">
         <name>__aeabi_ddiv</name>
         <value>0x4bb0</value>
         <object_component_ref idref="oc-15a"/>
      </symbol>
      <symbol id="sm-40b">
         <name>__aeabi_dmul</name>
         <value>0x531c</value>
         <object_component_ref idref="oc-155"/>
      </symbol>
      <symbol id="sm-415">
         <name>__aeabi_d2iz</name>
         <value>0x6cc8</value>
         <object_component_ref idref="oc-164"/>
      </symbol>
      <symbol id="sm-421">
         <name>__aeabi_d2f</name>
         <value>0x6904</value>
         <object_component_ref idref="oc-1e1"/>
      </symbol>
      <symbol id="sm-437">
         <name>getc</name>
         <value>0x5bf4</value>
         <object_component_ref idref="oc-10e"/>
      </symbol>
      <symbol id="sm-438">
         <name>getchar</name>
         <value>0x5ccc</value>
         <object_component_ref idref="oc-10e"/>
      </symbol>
      <symbol id="sm-439">
         <name>fgetc</name>
         <value>0x5bf4</value>
         <object_component_ref idref="oc-10e"/>
      </symbol>
      <symbol id="sm-452">
         <name>putc</name>
         <value>0x5588</value>
         <object_component_ref idref="oc-ec"/>
      </symbol>
      <symbol id="sm-453">
         <name>fputc</name>
         <value>0x5588</value>
         <object_component_ref idref="oc-ec"/>
      </symbol>
      <symbol id="sm-454">
         <name>putchar</name>
         <value>0x569c</value>
         <object_component_ref idref="oc-ec"/>
      </symbol>
      <symbol id="sm-476">
         <name>puts</name>
         <value>0x45c8</value>
         <object_component_ref idref="oc-f2"/>
      </symbol>
      <symbol id="sm-477">
         <name>fputs</name>
         <value>0x4400</value>
         <object_component_ref idref="oc-f2"/>
      </symbol>
      <symbol id="sm-481">
         <name>__aeabi_i2d</name>
         <value>0x6f10</value>
         <object_component_ref idref="oc-16f"/>
      </symbol>
      <symbol id="sm-48f">
         <name>ltoa</name>
         <value>0x6b40</value>
         <object_component_ref idref="oc-169"/>
      </symbol>
      <symbol id="sm-49e">
         <name>memccpy</name>
         <value>0x6fa4</value>
         <object_component_ref idref="oc-191"/>
      </symbol>
      <symbol id="sm-4ad">
         <name>memchr</name>
         <value>0x6f4c</value>
         <object_component_ref idref="oc-13e"/>
      </symbol>
      <symbol id="sm-4c8">
         <name>read</name>
         <value>0x6e30</value>
         <object_component_ref idref="oc-1c1"/>
      </symbol>
      <symbol id="sm-4e1">
         <name>frexpl</name>
         <value>0x6bc4</value>
         <object_component_ref idref="oc-179"/>
      </symbol>
      <symbol id="sm-4e2">
         <name>frexp</name>
         <value>0x6bc4</value>
         <object_component_ref idref="oc-179"/>
      </symbol>
      <symbol id="sm-501">
         <name>scalbn</name>
         <value>0x5458</value>
         <object_component_ref idref="oc-17f"/>
      </symbol>
      <symbol id="sm-502">
         <name>scalbnl</name>
         <value>0x5458</value>
         <object_component_ref idref="oc-17f"/>
      </symbol>
      <symbol id="sm-503">
         <name>ldexpl</name>
         <value>0x5458</value>
         <object_component_ref idref="oc-17f"/>
      </symbol>
      <symbol id="sm-504">
         <name>ldexp</name>
         <value>0x5458</value>
         <object_component_ref idref="oc-17f"/>
      </symbol>
      <symbol id="sm-520">
         <name>setvbuf</name>
         <value>0x4ef4</value>
         <object_component_ref idref="oc-1b3"/>
      </symbol>
      <symbol id="sm-52a">
         <name>_system_post_cinit</name>
         <value>0x70dc</value>
         <object_component_ref idref="oc-85"/>
      </symbol>
      <symbol id="sm-539">
         <name>strchr</name>
         <value>0x6fcc</value>
         <object_component_ref idref="oc-185"/>
      </symbol>
      <symbol id="sm-547">
         <name>strcpy</name>
         <value>0x7060</value>
         <object_component_ref idref="oc-1f2"/>
      </symbol>
      <symbol id="sm-555">
         <name>strlen</name>
         <value>0x707c</value>
         <object_component_ref idref="oc-138"/>
      </symbol>
      <symbol id="sm-564">
         <name>strrchr</name>
         <value>0x6f78</value>
         <object_component_ref idref="oc-1c9"/>
      </symbol>
      <symbol id="sm-5a5">
         <name>strtold</name>
         <value>0x33b0</value>
         <object_component_ref idref="oc-1db"/>
      </symbol>
      <symbol id="sm-5a6">
         <name>strtod</name>
         <value>0x33b0</value>
         <object_component_ref idref="oc-1db"/>
      </symbol>
      <symbol id="sm-5ca">
         <name>strtol</name>
         <value>0x4604</value>
         <object_component_ref idref="oc-1e6"/>
      </symbol>
      <symbol id="sm-5f1">
         <name>strtoll</name>
         <value>0x39ec</value>
         <object_component_ref idref="oc-1ec"/>
      </symbol>
      <symbol id="sm-612">
         <name>strtoul</name>
         <value>0x49f0</value>
         <object_component_ref idref="oc-1cf"/>
      </symbol>
      <symbol id="sm-636">
         <name>strtoull</name>
         <value>0x3f84</value>
         <object_component_ref idref="oc-1d5"/>
      </symbol>
      <symbol id="sm-648">
         <name>__aeabi_uidivmod</name>
         <value>0x5b04</value>
         <object_component_ref idref="oc-14b"/>
      </symbol>
      <symbol id="sm-649">
         <name>__aeabi_uidiv</name>
         <value>0x5b04</value>
         <object_component_ref idref="oc-14b"/>
      </symbol>
      <symbol id="sm-665">
         <name>__aeabi_uldivmod</name>
         <value>0x3cc4</value>
         <object_component_ref idref="oc-146"/>
      </symbol>
      <symbol id="sm-682">
         <name>_stream</name>
         <value>0x7248</value>
         <object_component_ref idref="oc-213"/>
      </symbol>
      <symbol id="sm-683">
         <name>_device</name>
         <value>0x71d0</value>
         <object_component_ref idref="oc-299"/>
      </symbol>
      <symbol id="sm-684">
         <name>write</name>
         <value>0x6e7c</value>
         <object_component_ref idref="oc-130"/>
      </symbol>
      <symbol id="sm-69d">
         <name>__TI_buff_read</name>
         <value>0x5a00</value>
         <object_component_ref idref="oc-1bb"/>
      </symbol>
      <symbol id="sm-6b6">
         <name>__TI_wrt_ok</name>
         <value>0x56b0</value>
         <object_component_ref idref="oc-124"/>
      </symbol>
      <symbol id="sm-6b7">
         <name>__TI_rd_ok</name>
         <value>0x5754</value>
         <object_component_ref idref="oc-124"/>
      </symbol>
      <symbol id="sm-6bf">
         <name>errno</name>
         <value>0x72c8</value>
         <object_component_ref idref="oc-243"/>
      </symbol>
      <symbol id="sm-6db">
         <name>__TI_doflush</name>
         <value>0x51c8</value>
         <object_component_ref idref="oc-12a"/>
      </symbol>
      <symbol id="sm-6dc">
         <name>fflush</name>
         <value>0x5250</value>
         <object_component_ref idref="oc-12a"/>
      </symbol>
      <symbol id="sm-713">
         <name>__TI_cleanup</name>
         <value>0x3838</value>
         <object_component_ref idref="oc-25d"/>
      </symbol>
      <symbol id="sm-714">
         <name>freopen</name>
         <value>0x3888</value>
         <object_component_ref idref="oc-25d"/>
      </symbol>
      <symbol id="sm-715">
         <name>fopen</name>
         <value>0x38e0</value>
         <object_component_ref idref="oc-25d"/>
      </symbol>
      <symbol id="sm-728">
         <name>fseek</name>
         <value>0x60fc</value>
         <object_component_ref idref="oc-206"/>
      </symbol>
      <symbol id="sm-739">
         <name>HOSTclose</name>
         <value>0x6abc</value>
         <object_component_ref idref="oc-2f4"/>
      </symbol>
      <symbol id="sm-74a">
         <name>HOSTlseek</name>
         <value>0x6040</value>
         <object_component_ref idref="oc-306"/>
      </symbol>
      <symbol id="sm-75c">
         <name>parmbuf</name>
         <value>0x7498</value>
      </symbol>
      <symbol id="sm-75d">
         <name>HOSTopen</name>
         <value>0x667c</value>
         <object_component_ref idref="oc-2ee"/>
      </symbol>
      <symbol id="sm-76e">
         <name>HOSTread</name>
         <value>0x67c4</value>
         <object_component_ref idref="oc-2fa"/>
      </symbol>
      <symbol id="sm-77f">
         <name>HOSTrename</name>
         <value>0x61b4</value>
         <object_component_ref idref="oc-312"/>
      </symbol>
      <symbol id="sm-790">
         <name>HOSTunlink</name>
         <value>0x6c48</value>
         <object_component_ref idref="oc-30c"/>
      </symbol>
      <symbol id="sm-7a1">
         <name>HOSTwrite</name>
         <value>0x6864</value>
         <object_component_ref idref="oc-300"/>
      </symbol>
      <symbol id="sm-7ab">
         <name>__aeabi_idiv0</name>
         <value>0x70d4</value>
         <object_component_ref idref="oc-221"/>
      </symbol>
      <symbol id="sm-7bd">
         <name>__aeabi_idivmod</name>
         <value>0x58ec</value>
         <object_component_ref idref="oc-22d"/>
      </symbol>
      <symbol id="sm-7be">
         <name>__aeabi_idiv</name>
         <value>0x58ec</value>
         <object_component_ref idref="oc-22d"/>
      </symbol>
      <symbol id="sm-7cf">
         <name>lseek</name>
         <value>0x6de4</value>
         <object_component_ref idref="oc-28b"/>
      </symbol>
      <symbol id="sm-837">
         <name>_sys_memory</name>
         <value>0x7e48</value>
         <object_component_ref idref="oc-1b"/>
      </symbol>
      <symbol id="sm-838">
         <name>free</name>
         <value>0x2b24</value>
         <object_component_ref idref="oc-257"/>
      </symbol>
      <symbol id="sm-839">
         <name>realloc</name>
         <value>0x2cd8</value>
         <object_component_ref idref="oc-257"/>
      </symbol>
      <symbol id="sm-83a">
         <name>memalign</name>
         <value>0x2eac</value>
         <object_component_ref idref="oc-257"/>
      </symbol>
      <symbol id="sm-83b">
         <name>calloc</name>
         <value>0x3000</value>
         <object_component_ref idref="oc-257"/>
      </symbol>
      <symbol id="sm-83c">
         <name>malloc</name>
         <value>0x2a50</value>
         <object_component_ref idref="oc-257"/>
      </symbol>
      <symbol id="sm-83d">
         <name>minit</name>
         <value>0x2948</value>
         <object_component_ref idref="oc-257"/>
      </symbol>
      <symbol id="sm-85e">
         <name>open</name>
         <value>0x506c</value>
         <object_component_ref idref="oc-2c3"/>
      </symbol>
      <symbol id="sm-868">
         <name>copysign</name>
         <value>0x70bc</value>
         <object_component_ref idref="oc-23d"/>
      </symbol>
      <symbol id="sm-869">
         <name>copysignl</name>
         <value>0x70bc</value>
         <object_component_ref idref="oc-23d"/>
      </symbol>
      <symbol id="sm-884">
         <name>__TI_readmsg</name>
         <value>0x64cc</value>
         <object_component_ref idref="oc-338"/>
      </symbol>
      <symbol id="sm-885">
         <name>C$$IO$$</name>
         <value>0x64c0</value>
         <object_component_ref idref="oc-338"/>
      </symbol>
      <symbol id="sm-886">
         <name>__CIOBUF_</name>
         <value>0x72d8</value>
         <object_component_ref idref="oc-364"/>
      </symbol>
      <symbol id="sm-887">
         <name>__TI_writemsg</name>
         <value>0x6478</value>
         <object_component_ref idref="oc-338"/>
      </symbol>
      <symbol id="sm-89e">
         <name>__TI_closefile</name>
         <value>0x57d0</value>
         <object_component_ref idref="oc-2c9"/>
      </symbol>
      <symbol id="sm-89f">
         <name>fclose</name>
         <value>0x5888</value>
         <object_component_ref idref="oc-2c9"/>
      </symbol>
      <symbol id="sm-8b9">
         <name>finddevice</name>
         <value>0x5f7c</value>
         <object_component_ref idref="oc-31c"/>
      </symbol>
      <symbol id="sm-8ba">
         <name>getdevice</name>
         <value>0x5fd0</value>
         <object_component_ref idref="oc-31c"/>
      </symbol>
      <symbol id="sm-8c9">
         <name>strcmp</name>
         <value>0x6ff4</value>
         <object_component_ref idref="oc-34e"/>
      </symbol>
      <symbol id="sm-8d8">
         <name>strncpy</name>
         <value>0x6ec8</value>
         <object_component_ref idref="oc-354"/>
      </symbol>
      <symbol id="sm-8e8">
         <name>unlink</name>
         <value>0x6d30</value>
         <object_component_ref idref="oc-32b"/>
      </symbol>
      <symbol id="sm-8fd">
         <name>close</name>
         <value>0x6268</value>
         <object_component_ref idref="oc-325"/>
      </symbol>
      <symbol id="sm-8fe">
         <name>__TI_static_base__</name>
         <value>0x8648</value>
      </symbol>
      <symbol id="sm-901">
         <name>SHT$$INIT_ARRAY$$Limit</name>
         <value>0x0</value>
      </symbol>
      <symbol id="sm-902">
         <name>SHT$$INIT_ARRAY$$Base</name>
         <value>0x0</value>
      </symbol>
      <symbol id="sm-903">
         <name>remove</name>
         <value>0x6d30</value>
      </symbol>
   </symbol_table>
   <title>Link successful</title>
</link_info>
